[priceless-lichterman-e1fa9e.netlify.app/index.html]
[backblue.gif]
[fade.gif]
[index.html]
[priceless-lichterman-e1fa9e.netlify.app/css/bootstrap-custom.css]
[priceless-lichterman-e1fa9e.netlify.app/css/font-awesome/all.min.css]
[priceless-lichterman-e1fa9e.netlify.app/css/healthcheck.css]
[priceless-lichterman-e1fa9e.netlify.app/css/decanter.css]
[priceless-lichterman-e1fa9e.netlify.app/css/decanter-custom.css]
[pagead2.googlesyndication.com/pagead/js/f.txt]
[ajax.googleapis.com/ajax/libs/jquery/3.4.1/jquery.min.js]
[priceless-lichterman-e1fa9e.netlify.app/en/index.html]
[priceless-lichterman-e1fa9e.netlify.app/js/bootstrap.bundle.min.js]
[priceless-lichterman-e1fa9e.netlify.app/js/badge.js]
[priceless-lichterman-e1fa9e.netlify.app/index.html]
[priceless-lichterman-e1fa9e.netlify.app/css/bootstrap-custom.css]
[priceless-lichterman-e1fa9e.netlify.app/css/webfonts/fa-brands-400.a.delayed]
[priceless-lichterman-e1fa9e.netlify.app/css/webfonts/fa-brands-400.bd41d.delayed]
[priceless-lichterman-e1fa9e.netlify.app/css/webfonts/fa-brands-400.c.delayed]
[priceless-lichterman-e1fa9e.netlify.app/css/webfonts/fa-brands-400.d.delayed]
[priceless-lichterman-e1fa9e.netlify.app/css/webfonts/fa-brands-400.e.delayed]
[priceless-lichterman-e1fa9e.netlify.app/css/webfonts/fa-brands-400.f.delayed]
[priceless-lichterman-e1fa9e.netlify.app/css/webfonts/fa-regular-400.10.delayed]
[priceless-lichterman-e1fa9e.netlify.app/css/webfonts/fa-regular-400.11d41d.delayed]
[priceless-lichterman-e1fa9e.netlify.app/css/webfonts/fa-regular-400.12.delayed]
[priceless-lichterman-e1fa9e.netlify.app/css/webfonts/fa-regular-400.13.delayed]
[priceless-lichterman-e1fa9e.netlify.app/css/webfonts/fa-regular-400.14.delayed]
[priceless-lichterman-e1fa9e.netlify.app/css/webfonts/fa-regular-400.15.delayed]
[priceless-lichterman-e1fa9e.netlify.app/css/webfonts/fa-solid-900.16.delayed]
[priceless-lichterman-e1fa9e.netlify.app/css/webfonts/fa-solid-900.17d41d.delayed]
[priceless-lichterman-e1fa9e.netlify.app/css/webfonts/fa-solid-900.18.delayed]
[priceless-lichterman-e1fa9e.netlify.app/css/webfonts/fa-solid-900.19.delayed]
[priceless-lichterman-e1fa9e.netlify.app/css/webfonts/fa-solid-900.1a.delayed]
[priceless-lichterman-e1fa9e.netlify.app/css/webfonts/fa-solid-900.1b.delayed]
[priceless-lichterman-e1fa9e.netlify.app/css/font-awesome/all.min.css]
[priceless-lichterman-e1fa9e.netlify.app/images/healthcheck-bg1.1c.delayed]
[priceless-lichterman-e1fa9e.netlify.app/css/healthcheck.css]
[priceless-lichterman-e1fa9e.netlify.app/assets/minus-white.1e.delayed]
[priceless-lichterman-e1fa9e.netlify.app/assets/fa-regular-400.1f.delayed]
[priceless-lichterman-e1fa9e.netlify.app/assets/fa-regular-400.20d41d.delayed]
[priceless-lichterman-e1fa9e.netlify.app/assets/fa-regular-400.21.delayed]
[priceless-lichterman-e1fa9e.netlify.app/assets/fa-regular-400.22.delayed]
[priceless-lichterman-e1fa9e.netlify.app/assets/fa-regular-400.23.delayed]
[priceless-lichterman-e1fa9e.netlify.app/assets/fa-regular-400.24.delayed]
[priceless-lichterman-e1fa9e.netlify.app/assets/fa-solid-900.25.delayed]
[priceless-lichterman-e1fa9e.netlify.app/assets/fa-solid-900.26d41d.delayed]
[priceless-lichterman-e1fa9e.netlify.app/assets/fa-solid-900.woff2]
[priceless-lichterman-e1fa9e.netlify.app/assets/fa-solid-900.28.delayed]
[priceless-lichterman-e1fa9e.netlify.app/assets/fa-solid-900.ttf]
[priceless-lichterman-e1fa9e.netlify.app/assets/fa-solid-900.2a.delayed]
[priceless-lichterman-e1fa9e.netlify.app/assets/fa-brands-400.2b.delayed]
[priceless-lichterman-e1fa9e.netlify.app/assets/fa-brands-400.2cd41d.delayed]
[priceless-lichterman-e1fa9e.netlify.app/assets/fa-brands-400.2d.delayed]
[priceless-lichterman-e1fa9e.netlify.app/assets/fa-brands-400.2e.delayed]
[priceless-lichterman-e1fa9e.netlify.app/assets/fa-brands-400.2f.delayed]
[priceless-lichterman-e1fa9e.netlify.app/assets/fa-brands-400.30.delayed]
[priceless-lichterman-e1fa9e.netlify.app/css/decanter.css]
[priceless-lichterman-e1fa9e.netlify.app/assets/arrow-down-black.31.delayed]
[priceless-lichterman-e1fa9e.netlify.app/assets/arrow-down-black.32.delayed]
[priceless-lichterman-e1fa9e.netlify.app/css/decanter-custom.css]
[ajax.googleapis.com/ajax/libs/jqueryui/1.12.1/themes/smoothness/images/ui-bg_highlight-soft_75_cccccc_1x100.png]
[ajax.googleapis.com/ajax/libs/jqueryui/1.12.1/themes/smoothness/images/ui-bg_glass_75_e6e6e6_1x400.png]
[ajax.googleapis.com/ajax/libs/jqueryui/1.12.1/themes/smoothness/images/ui-bg_glass_75_dadada_1x400.png]
[ajax.googleapis.com/ajax/libs/jqueryui/1.12.1/themes/smoothness/images/ui-bg_glass_65_ffffff_1x400.png]
[ajax.googleapis.com/ajax/libs/jqueryui/1.12.1/themes/smoothness/images/ui-bg_glass_55_fbf9ee_1x400.png]
[ajax.googleapis.com/ajax/libs/jqueryui/1.12.1/themes/smoothness/images/ui-bg_glass_95_fef1ec_1x400.png]
[ajax.googleapis.com/ajax/libs/jqueryui/1.12.1/themes/smoothness/images/ui-icons_222222_256x240.png]
[ajax.googleapis.com/ajax/libs/jqueryui/1.12.1/themes/smoothness/images/ui-icons_454545_256x240.png]
[ajax.googleapis.com/ajax/libs/jqueryui/1.12.1/themes/smoothness/images/ui-icons_2e83ff_256x240.png]
[ajax.googleapis.com/ajax/libs/jqueryui/1.12.1/themes/smoothness/images/ui-icons_cd0a0a_256x240.png]
[ajax.googleapis.com/ajax/libs/jqueryui/1.12.1/themes/smoothness/images/ui-icons_888888_256x240.png]
[ajax.googleapis.com/ajax/libs/jqueryui/1.12.1/themes/smoothness/jquery-ui.css]
[priceless-lichterman-e1fa9e.netlify.app/en/index.html]
[priceless-lichterman-e1fa9e.netlify.app/css/webfonts/fa-brands-400.html]
[priceless-lichterman-e1fa9e.netlify.app/css/webfonts/fa-brands-400d41d.html]
[priceless-lichterman-e1fa9e.netlify.app/css/webfonts/fa-brands-401.html]
[priceless-lichterman-e1fa9e.netlify.app/css/webfonts/fa-brands-402.html]
[priceless-lichterman-e1fa9e.netlify.app/css/webfonts/fa-brands-403.html]
[priceless-lichterman-e1fa9e.netlify.app/css/webfonts/fa-brands-404.html]
[priceless-lichterman-e1fa9e.netlify.app/css/webfonts/fa-regular-400.html]
[priceless-lichterman-e1fa9e.netlify.app/css/webfonts/fa-regular-400d41d.html]
[priceless-lichterman-e1fa9e.netlify.app/css/webfonts/fa-regular-401.html]
[priceless-lichterman-e1fa9e.netlify.app/css/webfonts/fa-regular-402.html]
[priceless-lichterman-e1fa9e.netlify.app/css/webfonts/fa-regular-403.html]
[priceless-lichterman-e1fa9e.netlify.app/css/webfonts/fa-regular-404.html]
[priceless-lichterman-e1fa9e.netlify.app/css/webfonts/fa-solid-900.html]
[priceless-lichterman-e1fa9e.netlify.app/css/webfonts/fa-solid-900d41d.html]
[priceless-lichterman-e1fa9e.netlify.app/css/webfonts/fa-solid-901.html]
[priceless-lichterman-e1fa9e.netlify.app/css/webfonts/fa-solid-902.html]
[priceless-lichterman-e1fa9e.netlify.app/css/webfonts/fa-solid-903.html]
[priceless-lichterman-e1fa9e.netlify.app/css/webfonts/fa-solid-904.html]
[priceless-lichterman-e1fa9e.netlify.app/images/healthcheck-bg1.html]
[priceless-lichterman-e1fa9e.netlify.app/assets/plus-white.svg]
[priceless-lichterman-e1fa9e.netlify.app/assets/minus-white.html]
[priceless-lichterman-e1fa9e.netlify.app/assets/fa-regular-400.html]
[priceless-lichterman-e1fa9e.netlify.app/assets/fa-regular-400d41d.html]
[priceless-lichterman-e1fa9e.netlify.app/assets/fa-regular-401.html]
[priceless-lichterman-e1fa9e.netlify.app/assets/fa-regular-402.html]
[priceless-lichterman-e1fa9e.netlify.app/assets/fa-regular-403.html]
[priceless-lichterman-e1fa9e.netlify.app/assets/fa-regular-404.html]
[priceless-lichterman-e1fa9e.netlify.app/assets/fa-solid-900.html]
[priceless-lichterman-e1fa9e.netlify.app/assets/fa-solid-900d41d.html]
[priceless-lichterman-e1fa9e.netlify.app/assets/fa-solid-901.html]
[priceless-lichterman-e1fa9e.netlify.app/assets/fa-solid-902.html]
[priceless-lichterman-e1fa9e.netlify.app/assets/fa-brands-400.html]
[priceless-lichterman-e1fa9e.netlify.app/assets/fa-brands-400d41d.html]
[priceless-lichterman-e1fa9e.netlify.app/assets/fa-brands-401.html]
[priceless-lichterman-e1fa9e.netlify.app/assets/fa-brands-402.html]
[priceless-lichterman-e1fa9e.netlify.app/assets/fa-brands-403.html]
[priceless-lichterman-e1fa9e.netlify.app/assets/fa-brands-404.html]
[priceless-lichterman-e1fa9e.netlify.app/assets/arrow-down-black.html]
[priceless-lichterman-e1fa9e.netlify.app/assets/arrow-down-black-2.html]
